<html>
<body>
<pre>
<h1>µVision Build Log</h1>
<h2>Project:</h2>
C:\Users\Tariq Muhanna\Documents\ValvanoWareTM4C123\Lab9_ADC_Temp\ADCPrintResults.uvproj
Project File Date:  11/06/2018

<h2>Output:</h2>
Build target 'ADCPrintResults'
compiling main.c...
main.c(43): warning:  #177-D: variable "data" was declared but never referenced
  int main(void){ int32_t data;
main.c: 1 warning, 0 errors
linking...
Program Size: Code=2516 RO-data=32 RW-data=8 ZI-data=1120  
".\ADCPrintResults.axf" - 0 Error(s), 1 Warning(s).
Load "C:\\Users\\Tariq Muhanna\\Documents\\ValvanoWareTM4C123\\Lab9_ADC_Temp\\ADCPrintResults.axf" 
Connecting: Mode=JTAG, Speed=1000000Hz
Erase Done.
Programming Done.
Verify OK.
</pre>
</body>
</html>
 ADCSWTrigger.c...
compiling PLL.c...
compiling ADCT0ATrigger.c...
".\ADCPrintResults.axf" - 1 Error(s), 3 Warning(s).
Target not created
Target not created
