<html>
<body>
<pre>
<h1>µVision Build Log</h1>
<h2>Project:</h2>
C:\Users\Tariq Muhanna\Documents\ValvanoWareTM4C123\lab3\ADCSWTrigger.uvproj
Project File Date:  09/17/2018

<h2>Output:</h2>
Build target 'ADCSWTrigger'
compiling ADCTestMain.c...
Timers.h(6): warning:  #1295-D: Deprecated declaration Timer0A_Init100HzInt - give arg types
  void Timer0A_Init100HzInt();
ADCTestMain.c: 1 warning, 0 errors
linking...
Program Size: Code=4352 RO-data=34308 RW-data=64 ZI-data=1120  
".\ADCSWTrigger.axf" - 0 Error(s), 1 Warning(s).
Load "C:\\Users\\Tariq Muhanna\\Documents\\ValvanoWareTM4C123\\lab3\\ADCSWTrigger.axf" 
Connecting: Mode=JTAG, Speed=1000000Hz
Erase Done.
Programming Done.
Verify OK.
23\\lab3\\ADCSWTrigger.axf" 
Connecting: Mode=JTAG, Speed=1000000Hz
Erase Done.
Programming Done.
Verify OK.
d
 Done.
Programming Done.
Verify OK.
