<html>
<body>
<pre>
<h1>µVision Build Log</h1>
<h2>Project:</h2>
C:\Users\Abhishek\Documents\ValvanoWareTM4C123\Lab5_help_mod\Lab5.uvproj
Project File Date:  10/07/2018

<h2>Output:</h2>
Rebuild target 'Lab5'
assembling startup.s...
compiling Timer0A.c...
compiling PLL.c...
compiling Main.c...
compiling DAC.c...
compiling Music.c...
compiling SysTick.c...
compiling Timer1A.c...
compiling Switches.c...
linking...
Program Size: Code=2628 RO-data=680 RW-data=304 ZI-data=1120  
".\Lab5.axf" - 0 Error(s), 0 Warning(s).
</pre>
</body>
</html>
