<html>
<body>
<pre>
<h1>µVision Build Log</h1>
<h2>Project:</h2>
C:\Users\Tariq Muhanna\Documents\ValvanoWareTM4C123\Lab9_ADC_Temp_prep\ADCPrintResults.uvproj
Project File Date:  11/08/2018

<h2>Output:</h2>
Rebuild target 'ADCPrintResults'
assembling startup.s...
compiling UART.c...
compiling main.c...
calib.h(3): warning:  #1-D: last line of file ends without a newline
  int32_t ConvertToTemperature(int32_t);
main.c(45): warning:  #177-D: variable "data" was declared but never referenced
  int main(void){ int32_t data;
main.c: 2 warnings, 0 errors
compiling ADCSWTrigger.c...
compiling PLL.c...
compiling ADCT0ATrigger.c...
compiling ST7735.c...
compiling Calib.c...
Calib.c(33): warning:  #1-D: last line of file ends without a newline
  }
Calib.c: 1 warning, 0 errors
linking...
Program Size: Code=4948 RO-data=2368 RW-data=64 ZI-data=1776  
".\ADCPrintResults.axf" - 0 Error(s), 3 Warning(s).
</pre>
</body>
</html>
