<html>
<body>
<pre>
<h1>µVision Build Log</h1>
<h2>Project:</h2>
C:\Users\Tariq Muhanna\Documents\ValvanoWareTM4C123\Lab9_ADC_Temp_True\ADCPrintResults.uvproj
Project File Date:  11/08/2018

<h2>Output:</h2>
Build target 'ADCPrintResults'
compiling main.c...
calib.h(3): warning:  #1-D: last line of file ends without a newline
  int32_t ConvertToTemperature(int32_t);
main.c(45): warning:  #177-D: variable "data" was declared but never referenced
  int main(void){ int32_t data;
main.c: 2 warnings, 0 errors
linking...
Program Size: Code=5268 RO-data=2368 RW-data=60 ZI-data=1772  
".\ADCPrintResults.axf" - 0 Error(s), 2 Warning(s).
Load "C:\\Users\\Tariq Muhanna\\Documents\\ValvanoWareTM4C123\\Lab9_ADC_Temp_True\\ADCPrintResults.axf" 
Connecting: Mode=JTAG, Speed=1000000Hz
Erase Done.
Programming Done.
Verify OK.
se Done.
Programming Done.
Verify OK.
