<html>
<body>
<pre>
<h1>µVision Build Log</h1>
<h2>Project:</h2>
C:\Users\Abhishek\Documents\ValvanoWareTM4C123\lab10_motor\Blynk.uvproj
Project File Date:  11/28/2018

<h2>Output:</h2>
Rebuild target 'Blynk'
assembling startup.s...
compiling PLL.c...
compiling UART.c...
compiling Blynk.c...
Blynk.c(299): warning:  #1-D: last line of file ends without a newline
  }
Blynk.c: 1 warning, 0 errors
compiling ST7735.c...
compiling esp8266.c...
compiling PortF.c...
compiling Timer2.c...
compiling Timer3.c...
compiling tach.c...
tach.c(40): warning:  #1-D: last line of file ends without a newline
  }
tach.c: 1 warning, 0 errors
compiling PWMtest.c...
compiling PWM.c...
compiling controller.c...
controller.c(1): warning:  #1-D: last line of file ends without a newline
  #include "controller.h"
controller.h(9): warning:  #1-D: last line of file ends without a newline
  uint32_t get_output(void);
controller.c: 2 warnings, 0 errors
compiling motor.c...
motor.c(1): warning:  #1-D: last line of file ends without a newline
  #include "motor.h"
motor.h(8): warning:  #1-D: last line of file ends without a newline
  uint32_t PWM_output(void);
motor.c: 2 warnings, 0 errors
linking...
Program Size: Code=8244 RO-data=2280 RW-data=300 ZI-data=2060  
".\Blynk.axf" - 0 Error(s), 6 Warning(s).
Load "C:\\Users\\Abhishek\\Documents\\ValvanoWareTM4C123\\lab10_motor\\Blynk.axf" 
Connecting: Mode=JTAG, Speed=1000000Hz
Erase Done.
Programming Done.
Verify OK.
without a newline
  uint32_t PWM_output(void);
motor.c: 2 warnings, 0 errors
".\Blynk.axf" - 2 Error(s), 8 Warning(s).
Target not created
.c: 2 warnings, 0 errors
".\Blynk.axf" - 2 Error(s), 8 Warning(s).
Target not created
open file
Error: Flash Download failed  -  Could not load file 'C:\Users\Abhishek\Documents\ValvanoWareTM4C123\lab10_motor\Blynk.axf'
