<html>
<body>
<pre>
<h1>µVision Build Log</h1>
<h2>Project:</h2>
C:\Users\Abhishek\Documents\ValvanoWareTM4C123\Lab7_UART_TEST\UART.uvproj
Project File Date:  11/11/2018

<h2>Output:</h2>
Rebuild target 'UART'
assembling startup.s...
compiling PLL.c...
compiling UART.c...
compiling UARTTestMain.c...
UARTTestMain.c(79): warning:  #223-D: function "SysTick_Init" declared implicitly
        SysTick_Init();
UARTTestMain.c(66): warning:  #177-D: variable "ch" was declared but never referenced
    char ch;
UARTTestMain.c(67): warning:  #177-D: variable "prev" was declared but never referenced
        char prev = '*';
UARTTestMain.c(70): warning:  #177-D: variable "n" was declared but never referenced
    uint32_t n = 0;
UARTTestMain.c(71): warning:  #177-D: variable "prevn" was declared but never referenced
        uint32_t prevn = 0;
UARTTestMain.c(82): warning:  #177-D: variable "rx_data" was declared but never referenced
    unsigned char rx_data;
UARTTestMain.c(83): warning:  #550-D: variable "c" was set but never used
        int c;
UARTTestMain.c(113): warning:  #177-D: variable "u" was declared but never referenced
        int u=0,i=0,lu=0,ru=0;
UARTTestMain.c(113): warning:  #177-D: variable "i" was declared but never referenced
        int u=0,i=0,lu=0,ru=0;
UARTTestMain.c(113): warning:  #177-D: variable "lu" was declared but never referenced
        int u=0,i=0,lu=0,ru=0;
UARTTestMain.c(113): warning:  #177-D: variable "ru" was declared but never referenced
        int u=0,i=0,lu=0,ru=0;
UARTTestMain.c(115): warning:  #550-D: variable "c" was set but never used
        unsigned char c;
UARTTestMain.c: 12 warnings, 0 errors
compiling ST7735.c...
compiling voice.c...
voice.h(15): warning:  #1-D: last line of file ends without a newline
  int getMode(char buffer[20]);
voice.c(5): warning:  #1-D: last line of file ends without a newline
  }
voice.c(5): warning:  #940-D: missing return statement at end of non-void function "getMode"
  }
voice.c: 3 warnings, 0 errors
linking...
.\UART.axf: Error: L6218E: Undefined symbol SysTick_Init (referred from uarttestmain.o).
Not enough information to list image symbols.
Finished: 1 information, 0 warning and 1 error messages.
".\UART.axf" - 1 Error(s), 15 Warning(s).
Target not created
</pre>
</body>
</html>
 ends without a newline
  int getMode(char buffer[20]);
voice.c(5): warning:  #1-D: last line of file ends without a newline
  }
voice.c(5): warning:  #940-D: missing return statement at end of non-void function "getMode"
  }
voice.c: 3 warnings, 0 errors
linking...
Program Size: Code=3704 RO-data=2072 RW-data=44 ZI-data=1124  
".\UART.axf" - 0 Error(s), 18 Warning(s).
a=2072 RW-data=44 ZI-data=1124  
".\UART.axf" - 0 Error(s), 19 Warning(s).
d=1000000Hz
Erase Done.
Programming Done.
Verify OK.
Load "C:\\Users\\Abhishek\\Documents\\ValvanoWareTM4C123\\Lab7_UART_TEST\\UART.axf" 
Connecting: Mode=JTAG, Speed=1000000Hz
Erase Done.
Programming Done.
Verify OK.
