<html>
<body>
<pre>
<h1>µVision Build Log</h1>
<h2>Project:</h2>
C:\Users\Tariq Muhanna\Documents\ValvanoWareTM4C123\Lab4_fusion\ADCSWTrigger.uvproj
Project File Date:  09/18/2018

<h2>Output:</h2>
Rebuild target 'ADCSWTrigger'
assembling startup.s...
compiling ADCSWTrigger.c...
compiling ADCTestMain.c...
Timers.h(6): warning:  #1295-D: Deprecated declaration Timer0A_Init100HzInt - give arg types
  void Timer0A_Init100HzInt();
Timers.h(7): warning:  #1295-D: Deprecated declaration checkAlarmTime - give arg types
  void checkAlarmTime();
ADCTestMain.c: 2 warnings, 0 errors
compiling PLL.c...
compiling ST7735.c...
compiling buttons.c...
Timers.h(6): warning:  #1295-D: Deprecated declaration Timer0A_Init100HzInt - give arg types
  void Timer0A_Init100HzInt();
Timers.h(7): warning:  #1295-D: Deprecated declaration checkAlarmTime - give arg types
  void checkAlarmTime();
buttons.c: 2 warnings, 0 errors
compiling Timers.c...
compiling PWM.c...
compiling UART.c...
compiling esp8266.c...
compiling Timer3.c...
compiling Timer2.c...
linking...
Program Size: Code=18020 RO-data=45108 RW-data=432 ZI-data=2168  
".\ADCSWTrigger.axf" - 0 Error(s), 4 Warning(s).
Load "C:\\Users\\Tariq Muhanna\\Documents\\ValvanoWareTM4C123\\Lab4_fusion\\ADCSWTrigger.axf" 
Connecting: Mode=JTAG, Speed=1000000Hz
Erase Done.
Programming Done.
Verify OK.
