<html>
<body>
<pre>
<h1>µVision Build Log</h1>
<h2>Project:</h2>
C:\Users\Tariq Muhanna\Documents\ValvanoWareTM4C123\Lab5_G\MAX5353.uvproj
Project File Date:  10/05/2018

<h2>Output:</h2>
Rebuild target 'MAX5353'
assembling startup.s...
compiling SysTick.c...
compiling Switches.c...
compiling Music.c...
compiling Timer0A.c...
compiling DAC.c...
compiling Lab_6_Main.c...
linking...
Program Size: Code=2112 RO-data=832 RW-data=132 ZI-data=1124  
".\MAX5353.axf" - 0 Error(s), 0 Warning(s).
</pre>
</body>
</html>
 multiply defined (by lab_6_main.o and systick.o).
.\MAX5353.axf: Error: L6200E: Symbol Wave multiply defined (by music.o and systick.o).
.\MAX5353.axf: Error: L6200E: Symbol Wave multiply defined (by lab_6_main.o and systick.o).
.\MAX5353.axf: Error: L6200E: Symbol Horn multiply defined (by music.o and systick.o).
.\MAX5353.axf: Error: L6200E: Symbol Horn multiply defined (by lab_6_main.o and systick.o).
.\MAX5353.axf: Error: L6200E: Symbol flute32 multiply defined (by music.o and systick.o).
.\MAX5353.axf: Error: L6200E: Symbol flute32 multiply defined (by lab_6_main.o and systick.o).
.\MAX5353.axf: Error: L6200E: Symbol flute64 multiply defined (by music.o and systick.o).
.\MAX5353.axf: Error: L6200E: Symbol flute64 multiply defined (by lab_6_main.o and systick.o).
.\MAX5353.axf: Error: L6200E: Symbol oboe64 multiply defined (by music.o and systick.o).
.\MAX5353.axf: Error: L6200E: Symbol oboe64 multiply defined (by lab_6_main.o and systick.o).
.\MAX5353.axf: Error: L6200E: Symbol trumpet64 multiply defined (by music.o and systick.o).
.\MAX5353.axf: Error: L6200E: Symbol trumpet64 multiply defined (by lab_6_main.o and systick.o).
.\MAX5353.axf: Error: L6200E: Symbol Trumpet32 multiply defined (by music.o and systick.o).
.\MAX5353.axf: Error: L6200E: Symbol Trumpet32 multiply defined (by lab_6_main.o and systick.o).
.\MAX5353.axf: Error: L6200E: Symbol bassoon64 multiply defined (by music.o and systick.o).
.\MAX5353.axf: Error: L6200E: Symbol bassoon64 multiply defined (by lab_6_main.o and systick.o).
.\MAX5353.axf: Error: L6200E: Symbol HappyBdaySong multiply defined (by music.o and systick.o).
.\MAX5353.axf: Error: L6200E: Symbol HappyBdaySong multiply defined (by lab_6_main.o and systick.o).
Not enough information to list image symbols.
Not enough information to list the image map.
Finished: 2 information, 0 warning and 20 error messages.
".\MAX5353.axf" - 20 Error(s), 0 Warning(s).
Target not created
