<html>
<body>
<pre>
<h1>µVision Build Log</h1>
<h2>Project:</h2>
C:\Users\Tariq Muhanna\Documents\ValvanoWareTM4C123\Lab5\DAC_Music.uvproj
Project File Date:  10/05/2018

<h2>Output:</h2>
Rebuild target 'MAX5353'
assembling startup.s...
compiling SysTick.c...
compiling Switches.c...
compiling Music.c...
compiling Timer0A.c...
compiling Lab_6_Main.c...
compiling DAC.c...
linking...
Program Size: Code=1760 RO-data=832 RW-data=788 ZI-data=1124  
".\MAX5353.axf" - 0 Error(s), 0 Warning(s).
</pre>
</body>
</html>
Finished: 1 information, 0 warning and 1 error messages.
".\MAX5353.axf" - 1 Error(s), 0 Warning(s).
Target not created
ormation to list the image map.
Finished: 2 information, 0 warning and 2 error messages.
".\MAX5353.axf" - 2 Error(s), 0 Warning(s).
Target not created
