<html>
<body>
<pre>
<h1>µVision Build Log</h1>
<h2>Project:</h2>
C:\Users\Tariq Muhanna\Documents\ValvanoWareTM4C123\Lab5_help\Lab5.uvproj
Project File Date:  10/03/2018

<h2>Output:</h2>
Rebuild target 'Lab5'
assembling startup.s...
compiling Timer0A.c...
compiling PLL.c...
compiling Main.c...
compiling DAC.c...
compiling Music.c...
compiling SysTick.c...
compiling Timer1A.c...
compiling Buttons.c...
linking...
Program Size: Code=2640 RO-data=688 RW-data=1716 ZI-data=1124  
".\Lab5.axf" - 0 Error(s), 0 Warning(s).
Load "C:\\Users\\Tariq Muhanna\\Documents\\ValvanoWareTM4C123\\Lab5_help\\Lab5.axf" 
Connecting: Mode=JTAG, Speed=1000000Hz
Erase Done.
Programming Done.
Verify OK.
Load "C:\\Users\\Tariq Muhanna\\Documents\\ValvanoWareTM4C123\\Lab5_help\\Lab5.axf" 
Connecting: Mode=JTAG, Speed=1000000Hz
Erase Done.
Programming Done.
Verify OK.
