<html>
<body>
<pre>
<h1>µVision Build Log</h1>
<h2>Project:</h2>
C:\Users\Tariq Muhanna\Documents\ValvanoWareTM4C123\lab3\ADCSWTrigger.uvproj
Project File Date:  09/18/2018

<h2>Output:</h2>
Build target 'ADCSWTrigger'
compiling buttons.c...
Timers.h(6): warning:  #1295-D: Deprecated declaration Timer0A_Init100HzInt - give arg types
  void Timer0A_Init100HzInt();
buttons.c(57): warning:  #177-D: variable "secNum" was declared but never referenced
        int secNum = 0;
buttons.c(58): warning:  #177-D: variable "minNum" was declared but never referenced
        int minNum = 0;
buttons.c(59): warning:  #177-D: variable "hrNum" was declared but never referenced
        int hrNum = 0;
buttons.c: 4 warnings, 0 errors
compiling Timers.c...
linking...
Program Size: Code=11564 RO-data=44836 RW-data=116 ZI-data=1132  
".\ADCSWTrigger.axf" - 0 Error(s), 4 Warning(s).
Load "C:\\Users\\Tariq Muhanna\\Documents\\ValvanoWareTM4C123\\lab3\\ADCSWTrigger.axf" 
Connecting: Mode=JTAG, Speed=1000000Hz
Connection failed!, error code=&d
Error: Flash Download failed  -  Target DLL has been cancelled
Load "C:\\Users\\Tariq Muhanna\\Documents\\ValvanoWareTM4C123\\lab3\\ADCSWTrigger.axf" 
Connecting: Mode=JTAG, Speed=1000000Hz
Erase Done.
Programming Done.
Verify OK.
