<html>
<body>
<pre>
<h1>µVision Build Log</h1>
<h2>Project:</h2>
C:\Users\Tariq Muhanna\Documents\ValvanoWareTM4C123\Lab5_help\Lab5.uvproj
Project File Date:  10/07/2018

<h2>Output:</h2>
Rebuild target 'Lab5'
assembling startup.s...
compiling Timer0A.c...
compiling PLL.c...
compiling Main.c...
compiling DAC.c...
compiling Music.c...
compiling SysTick.c...
compiling Switches.c...
linking...
Program Size: Code=2052 RO-data=680 RW-data=232 ZI-data=1120  
".\Lab5.axf" - 0 Error(s), 0 Warning(s).
</pre>
</body>
</html>
ompiling Switches.c...
linking...
Program Size: Code=2052 RO-data=680 RW-data=232 ZI-data=1120  
".\Lab5.axf" - 0 Error(s), 1 Warning(s).
mer1a.o).
Not enough information to list image symbols.
Finished: 1 information, 0 warning and 1 error messages.
".\Lab5.axf" - 1 Error(s), 1 Warning(s).
Target not created
rror(s), 1 Warning(s).
Target not created
information to list the image map.
Finished: 2 information, 0 warning and 1 error messages.
".\Lab5.axf" - 1 Error(s), 2 Warning(s).
Target not created
t created
